// Jest Snapshot v1, https://goo.gl/fbAQLP

exports[`matches snapshot 1`] = `
<DocumentFragment>
  <div
    class="container"
  >
    <div
      class="mt-2 card"
    >
      <div
        class="card-body"
      >
        <h6
          class="d-flex justify-content-between"
        >
          <span
            class="text-capitalize"
          />
          <img
            alt="undefined"
            class="thumbnail"
            height="50px"
            src="/placeholder.jpg"
          />
        </h6>
        <p>
          Location: 
        </p>
        <p
          class="text-capitalize"
        >
          ski, telemark
        </p>
        <span>
          No reviews yet
        </span>
      </div>
      <a
        class="stretched-link card-link"
        href="/guides/undefined"
      />
    </div>
  </div>
</DocumentFragment>
`;
